INFO:     Started server process [6460]
INFO:     Waiting for application startup.
INFO:     Application startup complete.
INFO:     Uvicorn running on http://127.0.0.1:59532 (Press CTRL+C to quit)
ERROR:    Exception in ASGI application
  + Exception Group Traceback (most recent call last):
  |   File "C:\Users\25113\AppData\Roaming\Python\Python311\site-packages\starlette\_utils.py", line 76, in collapse_excgroups
  |     yield
  |   File "C:\Users\25113\AppData\Roaming\Python\Python311\site-packages\starlette\middleware\base.py", line 186, in __call__
  |     async with anyio.create_task_group() as task_group:
  |   File "C:\Users\25113\AppData\Roaming\Python\Python311\site-packages\anyio\_backends\_asyncio.py", line 799, in __aexit__
  |     raise BaseExceptionGroup(
  | ExceptionGroup: unhandled errors in a TaskGroup (1 sub-exception)
  +-+---------------- 1 ----------------
    | Traceback (most recent call last):
    |   File "C:\Users\25113\AppData\Roaming\Python\Python311\site-packages\uvicorn\protocols\http\httptools_impl.py", line 409, in run_asgi
    |     result = await app(  # type: ignore[func-returns-value]
    |              ^^^^^^^^^^^^^^^^^^^^^^^^^^^^^^^^^^^^^^^^^^^^^^
    |   File "C:\Users\25113\AppData\Roaming\Python\Python311\site-packages\uvicorn\middleware\proxy_headers.py", line 60, in __call__
    |     return await self.app(scope, receive, send)
    |            ^^^^^^^^^^^^^^^^^^^^^^^^^^^^^^^^^^^^
    |   File "C:\Users\25113\AppData\Roaming\Python\Python311\site-packages\fastapi\applications.py", line 1054, in __call__
    |     await super().__call__(scope, receive, send)
    |   File "C:\Users\25113\AppData\Roaming\Python\Python311\site-packages\starlette\applications.py", line 113, in __call__
    |     await self.middleware_stack(scope, receive, send)
    |   File "C:\Users\25113\AppData\Roaming\Python\Python311\site-packages\starlette\middleware\errors.py", line 187, in __call__
    |     raise exc
    |   File "C:\Users\25113\AppData\Roaming\Python\Python311\site-packages\starlette\middleware\errors.py", line 165, in __call__
    |     await self.app(scope, receive, _send)
    |   File "C:\Users\25113\AppData\Roaming\Python\Python311\site-packages\starlette\middleware\cors.py", line 85, in __call__
    |     await self.app(scope, receive, send)
    |   File "C:\Users\25113\AppData\Roaming\Python\Python311\site-packages\starlette\middleware\base.py", line 185, in __call__
    |     with collapse_excgroups():
    |   File "C:\Program Files\Python311\Lib\contextlib.py", line 158, in __exit__
    |     self.gen.throw(typ, value, traceback)
    |   File "C:\Users\25113\AppData\Roaming\Python\Python311\site-packages\starlette\_utils.py", line 82, in collapse_excgroups
    |     raise exc
    |   File "C:\Users\25113\AppData\Roaming\Python\Python311\site-packages\starlette\middleware\base.py", line 187, in __call__
    |     response = await self.dispatch_func(request, call_next)
    |                ^^^^^^^^^^^^^^^^^^^^^^^^^^^^^^^^^^^^^^^^^^^^
    |   File "F:\比赛\大学生创新创业\dachuang\backend\app\utils\middleware.py", line 89, in request_logging_middleware
    |     response = await call_next(request)
    |                ^^^^^^^^^^^^^^^^^^^^^^^^
    |   File "C:\Users\25113\AppData\Roaming\Python\Python311\site-packages\starlette\middleware\base.py", line 163, in call_next
    |     raise app_exc
    |   File "C:\Users\25113\AppData\Roaming\Python\Python311\site-packages\starlette\middleware\base.py", line 149, in coro
    |     await self.app(scope, receive_or_disconnect, send_no_error)
    |   File "C:\Users\25113\AppData\Roaming\Python\Python311\site-packages\starlette\middleware\exceptions.py", line 62, in __call__
    |     await wrap_app_handling_exceptions(self.app, conn)(scope, receive, send)
    |   File "C:\Users\25113\AppData\Roaming\Python\Python311\site-packages\starlette\_exception_handler.py", line 53, in wrapped_app
    |     raise exc
    |   File "C:\Users\25113\AppData\Roaming\Python\Python311\site-packages\starlette\_exception_handler.py", line 42, in wrapped_app
    |     await app(scope, receive, sender)
    |   File "C:\Users\25113\AppData\Roaming\Python\Python311\site-packages\starlette\routing.py", line 715, in __call__
    |     await self.middleware_stack(scope, receive, send)
    |   File "C:\Users\25113\AppData\Roaming\Python\Python311\site-packages\starlette\routing.py", line 735, in app
    |     await route.handle(scope, receive, send)
    |   File "C:\Users\25113\AppData\Roaming\Python\Python311\site-packages\starlette\routing.py", line 288, in handle
    |     await self.app(scope, receive, send)
    |   File "C:\Users\25113\AppData\Roaming\Python\Python311\site-packages\starlette\routing.py", line 76, in app
    |     await wrap_app_handling_exceptions(app, request)(scope, receive, send)
    |   File "C:\Users\25113\AppData\Roaming\Python\Python311\site-packages\starlette\_exception_handler.py", line 53, in wrapped_app
    |     raise exc
    |   File "C:\Users\25113\AppData\Roaming\Python\Python311\site-packages\starlette\_exception_handler.py", line 42, in wrapped_app
    |     await app(scope, receive, sender)
    |   File "C:\Users\25113\AppData\Roaming\Python\Python311\site-packages\starlette\routing.py", line 73, in app
    |     response = await f(request)
    |                ^^^^^^^^^^^^^^^^
    |   File "C:\Users\25113\AppData\Roaming\Python\Python311\site-packages\fastapi\routing.py", line 301, in app
    |     raw_response = await run_endpoint_function(
    |                    ^^^^^^^^^^^^^^^^^^^^^^^^^^^^
    |   File "C:\Users\25113\AppData\Roaming\Python\Python311\site-packages\fastapi\routing.py", line 214, in run_endpoint_function
    |     return await run_in_threadpool(dependant.call, **values)
    |            ^^^^^^^^^^^^^^^^^^^^^^^^^^^^^^^^^^^^^^^^^^^^^^^^^
    |   File "C:\Users\25113\AppData\Roaming\Python\Python311\site-packages\starlette\concurrency.py", line 39, in run_in_threadpool
    |     return await anyio.to_thread.run_sync(func, *args)
    |            ^^^^^^^^^^^^^^^^^^^^^^^^^^^^^^^^^^^^^^^^^^^
    |   File "C:\Users\25113\AppData\Roaming\Python\Python311\site-packages\anyio\to_thread.py", line 63, in run_sync
    |     return await get_async_backend().run_sync_in_worker_thread(
    |            ^^^^^^^^^^^^^^^^^^^^^^^^^^^^^^^^^^^^^^^^^^^^^^^^^^^^
    |   File "C:\Users\25113\AppData\Roaming\Python\Python311\site-packages\anyio\_backends\_asyncio.py", line 2518, in run_sync_in_worker_thread
    |     return await future
    |            ^^^^^^^^^^^^
    |   File "C:\Users\25113\AppData\Roaming\Python\Python311\site-packages\anyio\_backends\_asyncio.py", line 1002, in run
    |     result = context.run(func, *args)
    |              ^^^^^^^^^^^^^^^^^^^^^^^^
    |   File "F:\比赛\大学生创新创业\dachuang\backend\app\api\job_match.py", line 53, in list_jobs
    |     result = service.search_jobs(keyword=keyword, category=category, page=page, page_size=page_size)
    |              ^^^^^^^^^^^^^^^^^^^^^^^^^^^^^^^^^^^^^^^^^^^^^^^^^^^^^^^^^^^^^^^^^^^^^^^^^^^^^^^^^^^^^^^
    |   File "F:\比赛\大学生创新创业\dachuang\backend\app\services\job_match_service.py", line 72, in search_jobs
    |     self._ensure_loaded()
    |   File "F:\比赛\大学生创新创业\dachuang\backend\app\services\job_match_service.py", line 64, in _ensure_loaded
    |     self._all_jobs = {doc["doc_id"]: doc for doc in self._knowledge.list_documents("jobs")}
    |                                                     ^^^^^^^^^^^^^^^^^^^^^^^^^^^^^^^^^^^^^^
    |   File "F:\比赛\大学生创新创业\dachuang\backend\app\knowledge\knowledge_service.py", line 58, in list_documents
    |     return [self._legacy_document(item) for item in self._core().list_documents(category=category)]
    |                                                     ^^^^^^^^^^^^^^^^^^^^^^^^^^^^^^^^^^^^^^^^^^^^^^
    |   File "F:\比赛\大学生创新创业\dachuang\knowledge\service\knowledge_service.py", line 116, in list_documents
    |     return self.store.list_documents(category=category, limit=limit, offset=offset)
    |            ^^^^^^^^^^
    |   File "F:\比赛\大学生创新创业\dachuang\knowledge\service\knowledge_service.py", line 41, in store
    |     self._store = PgVectorStore(self.settings)
    |                   ^^^^^^^^^^^^^^^^^^^^^^^^^^^^
    |   File "F:\比赛\大学生创新创业\dachuang\knowledge\vector_store\pgvector_store.py", line 32, in __init__
    |     raise VectorStoreError("knowledge vector store requires PostgreSQL with pgvector")
    | vector_store.base.VectorStoreError: knowledge vector store requires PostgreSQL with pgvector
    +------------------------------------

During handling of the above exception, another exception occurred:

Traceback (most recent call last):
  File "C:\Users\25113\AppData\Roaming\Python\Python311\site-packages\uvicorn\protocols\http\httptools_impl.py", line 409, in run_asgi
    result = await app(  # type: ignore[func-returns-value]
             ^^^^^^^^^^^^^^^^^^^^^^^^^^^^^^^^^^^^^^^^^^^^^^
  File "C:\Users\25113\AppData\Roaming\Python\Python311\site-packages\uvicorn\middleware\proxy_headers.py", line 60, in __call__
    return await self.app(scope, receive, send)
           ^^^^^^^^^^^^^^^^^^^^^^^^^^^^^^^^^^^^
  File "C:\Users\25113\AppData\Roaming\Python\Python311\site-packages\fastapi\applications.py", line 1054, in __call__
    await super().__call__(scope, receive, send)
  File "C:\Users\25113\AppData\Roaming\Python\Python311\site-packages\starlette\applications.py", line 113, in __call__
    await self.middleware_stack(scope, receive, send)
  File "C:\Users\25113\AppData\Roaming\Python\Python311\site-packages\starlette\middleware\errors.py", line 187, in __call__
    raise exc
  File "C:\Users\25113\AppData\Roaming\Python\Python311\site-packages\starlette\middleware\errors.py", line 165, in __call__
    await self.app(scope, receive, _send)
  File "C:\Users\25113\AppData\Roaming\Python\Python311\site-packages\starlette\middleware\cors.py", line 85, in __call__
    await self.app(scope, receive, send)
  File "C:\Users\25113\AppData\Roaming\Python\Python311\site-packages\starlette\middleware\base.py", line 185, in __call__
    with collapse_excgroups():
  File "C:\Program Files\Python311\Lib\contextlib.py", line 158, in __exit__
    self.gen.throw(typ, value, traceback)
  File "C:\Users\25113\AppData\Roaming\Python\Python311\site-packages\starlette\_utils.py", line 82, in collapse_excgroups
    raise exc
  File "C:\Users\25113\AppData\Roaming\Python\Python311\site-packages\starlette\middleware\base.py", line 187, in __call__
    response = await self.dispatch_func(request, call_next)
               ^^^^^^^^^^^^^^^^^^^^^^^^^^^^^^^^^^^^^^^^^^^^
  File "F:\比赛\大学生创新创业\dachuang\backend\app\utils\middleware.py", line 89, in request_logging_middleware
    response = await call_next(request)
               ^^^^^^^^^^^^^^^^^^^^^^^^
  File "C:\Users\25113\AppData\Roaming\Python\Python311\site-packages\starlette\middleware\base.py", line 163, in call_next
    raise app_exc
  File "C:\Users\25113\AppData\Roaming\Python\Python311\site-packages\starlette\middleware\base.py", line 149, in coro
    await self.app(scope, receive_or_disconnect, send_no_error)
  File "C:\Users\25113\AppData\Roaming\Python\Python311\site-packages\starlette\middleware\exceptions.py", line 62, in __call__
    await wrap_app_handling_exceptions(self.app, conn)(scope, receive, send)
  File "C:\Users\25113\AppData\Roaming\Python\Python311\site-packages\starlette\_exception_handler.py", line 53, in wrapped_app
    raise exc
  File "C:\Users\25113\AppData\Roaming\Python\Python311\site-packages\starlette\_exception_handler.py", line 42, in wrapped_app
    await app(scope, receive, sender)
  File "C:\Users\25113\AppData\Roaming\Python\Python311\site-packages\starlette\routing.py", line 715, in __call__
    await self.middleware_stack(scope, receive, send)
  File "C:\Users\25113\AppData\Roaming\Python\Python311\site-packages\starlette\routing.py", line 735, in app
    await route.handle(scope, receive, send)
  File "C:\Users\25113\AppData\Roaming\Python\Python311\site-packages\starlette\routing.py", line 288, in handle
    await self.app(scope, receive, send)
  File "C:\Users\25113\AppData\Roaming\Python\Python311\site-packages\starlette\routing.py", line 76, in app
    await wrap_app_handling_exceptions(app, request)(scope, receive, send)
  File "C:\Users\25113\AppData\Roaming\Python\Python311\site-packages\starlette\_exception_handler.py", line 53, in wrapped_app
    raise exc
  File "C:\Users\25113\AppData\Roaming\Python\Python311\site-packages\starlette\_exception_handler.py", line 42, in wrapped_app
    await app(scope, receive, sender)
  File "C:\Users\25113\AppData\Roaming\Python\Python311\site-packages\starlette\routing.py", line 73, in app
    response = await f(request)
               ^^^^^^^^^^^^^^^^
  File "C:\Users\25113\AppData\Roaming\Python\Python311\site-packages\fastapi\routing.py", line 301, in app
    raw_response = await run_endpoint_function(
                   ^^^^^^^^^^^^^^^^^^^^^^^^^^^^
  File "C:\Users\25113\AppData\Roaming\Python\Python311\site-packages\fastapi\routing.py", line 214, in run_endpoint_function
    return await run_in_threadpool(dependant.call, **values)
           ^^^^^^^^^^^^^^^^^^^^^^^^^^^^^^^^^^^^^^^^^^^^^^^^^
  File "C:\Users\25113\AppData\Roaming\Python\Python311\site-packages\starlette\concurrency.py", line 39, in run_in_threadpool
    return await anyio.to_thread.run_sync(func, *args)
           ^^^^^^^^^^^^^^^^^^^^^^^^^^^^^^^^^^^^^^^^^^^
  File "C:\Users\25113\AppData\Roaming\Python\Python311\site-packages\anyio\to_thread.py", line 63, in run_sync
    return await get_async_backend().run_sync_in_worker_thread(
           ^^^^^^^^^^^^^^^^^^^^^^^^^^^^^^^^^^^^^^^^^^^^^^^^^^^^
  File "C:\Users\25113\AppData\Roaming\Python\Python311\site-packages\anyio\_backends\_asyncio.py", line 2518, in run_sync_in_worker_thread
    return await future
           ^^^^^^^^^^^^
  File "C:\Users\25113\AppData\Roaming\Python\Python311\site-packages\anyio\_backends\_asyncio.py", line 1002, in run
    result = context.run(func, *args)
             ^^^^^^^^^^^^^^^^^^^^^^^^
  File "F:\比赛\大学生创新创业\dachuang\backend\app\api\job_match.py", line 53, in list_jobs
    result = service.search_jobs(keyword=keyword, category=category, page=page, page_size=page_size)
             ^^^^^^^^^^^^^^^^^^^^^^^^^^^^^^^^^^^^^^^^^^^^^^^^^^^^^^^^^^^^^^^^^^^^^^^^^^^^^^^^^^^^^^^
  File "F:\比赛\大学生创新创业\dachuang\backend\app\services\job_match_service.py", line 72, in search_jobs
    self._ensure_loaded()
  File "F:\比赛\大学生创新创业\dachuang\backend\app\services\job_match_service.py", line 64, in _ensure_loaded
    self._all_jobs = {doc["doc_id"]: doc for doc in self._knowledge.list_documents("jobs")}
                                                    ^^^^^^^^^^^^^^^^^^^^^^^^^^^^^^^^^^^^^^
  File "F:\比赛\大学生创新创业\dachuang\backend\app\knowledge\knowledge_service.py", line 58, in list_documents
    return [self._legacy_document(item) for item in self._core().list_documents(category=category)]
                                                    ^^^^^^^^^^^^^^^^^^^^^^^^^^^^^^^^^^^^^^^^^^^^^^
  File "F:\比赛\大学生创新创业\dachuang\knowledge\service\knowledge_service.py", line 116, in list_documents
    return self.store.list_documents(category=category, limit=limit, offset=offset)
           ^^^^^^^^^^
  File "F:\比赛\大学生创新创业\dachuang\knowledge\service\knowledge_service.py", line 41, in store
    self._store = PgVectorStore(self.settings)
                  ^^^^^^^^^^^^^^^^^^^^^^^^^^^^
  File "F:\比赛\大学生创新创业\dachuang\knowledge\vector_store\pgvector_store.py", line 32, in __init__
    raise VectorStoreError("knowledge vector store requires PostgreSQL with pgvector")
vector_store.base.VectorStoreError: knowledge vector store requires PostgreSQL with pgvector
